2026-05-26 23:13:14 | DEBUG    | asyncio              | Using selector: EpollSelector
2026-05-26 23:13:14 | INFO     | __main__             | [CENTRAL] Iniciando | Método=FedAvg
2026-05-26 23:13:14 | INFO     | __main__             | [MODEL] Features inferidas desde preprocessor: 105 | /home/nodea/fl_cluster_hospital/data/preprocessor_global.joblib
2026-05-26 23:13:14 | INFO     | __main__             | [MODEL] Creando modelo inicial con in_features=105
2026-05-26 23:13:14 | INFO     | __main__             | [CENTRAL] Modelo inicial creado correctamente
2026-05-26 23:13:14 | INFO     | __main__             | [HIER] Raíz. Esperando hijos...
2026-05-26 23:13:14 | INFO     | connections.server   | [TEMP SERVER] Iniciando en ws://0.0.0.0:8765...
2026-05-26 23:13:14 | INFO     | connections.server   | [TEMP SERVER] El servidor cerrará si pasan 40s sin nuevos nodos.
2026-05-26 23:13:14 | INFO     | websockets.server    | server listening on 0.0.0.0:8765
2026-05-26 23:13:54 | INFO     | connections.server   | [TEMP SERVER] Se alcanzó el límite de 40s de inactividad total. Cerrando...
2026-05-26 23:13:54 | INFO     | websockets.server    | server closing
2026-05-26 23:13:54 | INFO     | websockets.server    | server closed
2026-05-26 23:13:54 | INFO     | connections.server   | [TEMP SERVER] Servidor temporal cerrado exitosamente.
2026-05-26 23:13:54 | INFO     | __main__             | [HIER] Nodo hoja sin hijos.
2026-05-26 23:13:54 | INFO     | __main__             | 
[INFO] ip=172.23.209.149:8765 | ip_father=172.23.209.149:8765 | leaf=True | método=FedAvg
2026-05-26 23:13:54 | INFO     | __main__             | 
============================================================
[HIER] Ronda jerárquica 0
============================================================
2026-05-26 23:13:54 | DEBUG    | asyncio              | Using selector: EpollSelector
2026-05-26 23:13:54 | INFO     | federated            | 
[NODE] ══ Ronda 1/50 [FedAvg] ══
2026-05-26 23:13:54 | INFO     | model.fed_model      | [INIT] Pesos cargados: models/model.pt
