2026-05-26 22:20:31 | DEBUG    | asyncio              | Using selector: EpollSelector
2026-05-26 22:20:31 | INFO     | __main__             | [CENTRAL] Iniciando | Método=FedAvg
2026-05-26 22:20:31 | INFO     | __main__             | [MODEL] Features inferidas desde preprocessor: 105 | /home/nodea/fl_cluster_hospital/data/preprocessor_global.joblib
2026-05-26 22:20:31 | INFO     | __main__             | [MODEL] Creando modelo inicial con in_features=105
2026-05-26 22:20:31 | INFO     | __main__             | [CENTRAL] Modelo inicial creado correctamente
2026-05-26 22:20:31 | INFO     | __main__             | [HIER] Raíz. Esperando hijos...
2026-05-26 22:20:31 | INFO     | connections.server   | [TEMP SERVER] Iniciando en ws://0.0.0.0:8765...
2026-05-26 22:20:31 | INFO     | connections.server   | [TEMP SERVER] El servidor cerrará si pasan 40s sin nuevos nodos.
2026-05-26 22:20:31 | INFO     | websockets.server    | server listening on 0.0.0.0:8765
2026-05-26 22:20:41 | DEBUG    | websockets.server    | = connection is CONNECTING
2026-05-26 22:20:41 | DEBUG    | websockets.server    | > EOF
2026-05-26 22:20:41 | DEBUG    | websockets.server    | < EOF
2026-05-26 22:20:41 | DEBUG    | websockets.server    | = connection is CLOSED
2026-05-26 22:20:41 | DEBUG    | websockets.server    | x half-closing TCP connection
2026-05-26 22:20:41 | ERROR    | websockets.server    | opening handshake failed
Traceback (most recent call last):
  File "/home/nodea/fl_cluster_hospital/venv/lib/python3.13/site-packages/websockets/http11.py", line 138, in parse
    request_line = yield from parse_line(read_line)
                   ^^^^^^^^^^^^^^^^^^^^^^^^^^^^^^^^
  File "/home/nodea/fl_cluster_hospital/venv/lib/python3.13/site-packages/websockets/http11.py", line 320, in parse_line
    line = yield from read_line(MAX_LINE_LENGTH)
           ^^^^^^^^^^^^^^^^^^^^^^^^^^^^^^^^^^^^^
  File "/home/nodea/fl_cluster_hospital/venv/lib/python3.13/site-packages/websockets/streams.py", line 46, in read_line
    raise EOFError(f"stream ends after {p} bytes, before end of line")
EOFError: stream ends after 0 bytes, before end of line

The above exception was the direct cause of the following exception:

Traceback (most recent call last):
  File "/home/nodea/fl_cluster_hospital/venv/lib/python3.13/site-packages/websockets/server.py", line 547, in parse
    request = yield from Request.parse(
              ^^^^^^^^^^^^^^^^^^^^^^^^^
        self.reader.read_line,
        ^^^^^^^^^^^^^^^^^^^^^^
    )
    ^
  File "/home/nodea/fl_cluster_hospital/venv/lib/python3.13/site-packages/websockets/http11.py", line 140, in parse
    raise EOFError("connection closed while reading HTTP request line") from exc
EOFError: connection closed while reading HTTP request line

The above exception was the direct cause of the following exception:

Traceback (most recent call last):
  File "/home/nodea/fl_cluster_hospital/venv/lib/python3.13/site-packages/websockets/asyncio/server.py", line 356, in conn_handler
    await connection.handshake(
    ...<3 lines>...
    )
  File "/home/nodea/fl_cluster_hospital/venv/lib/python3.13/site-packages/websockets/asyncio/server.py", line 207, in handshake
    raise self.protocol.handshake_exc
websockets.exceptions.InvalidMessage: did not receive a valid HTTP request
2026-05-26 22:20:44 | DEBUG    | websockets.server    | = connection is CONNECTING
2026-05-26 22:20:44 | DEBUG    | websockets.server    | > EOF
2026-05-26 22:20:44 | DEBUG    | websockets.server    | < EOF
2026-05-26 22:20:44 | DEBUG    | websockets.server    | = connection is CLOSED
2026-05-26 22:20:44 | DEBUG    | websockets.server    | x half-closing TCP connection
2026-05-26 22:20:44 | ERROR    | websockets.server    | opening handshake failed
Traceback (most recent call last):
  File "/home/nodea/fl_cluster_hospital/venv/lib/python3.13/site-packages/websockets/http11.py", line 138, in parse
    request_line = yield from parse_line(read_line)
                   ^^^^^^^^^^^^^^^^^^^^^^^^^^^^^^^^
  File "/home/nodea/fl_cluster_hospital/venv/lib/python3.13/site-packages/websockets/http11.py", line 320, in parse_line
    line = yield from read_line(MAX_LINE_LENGTH)
           ^^^^^^^^^^^^^^^^^^^^^^^^^^^^^^^^^^^^^
  File "/home/nodea/fl_cluster_hospital/venv/lib/python3.13/site-packages/websockets/streams.py", line 46, in read_line
    raise EOFError(f"stream ends after {p} bytes, before end of line")
EOFError: stream ends after 0 bytes, before end of line

The above exception was the direct cause of the following exception:

Traceback (most recent call last):
  File "/home/nodea/fl_cluster_hospital/venv/lib/python3.13/site-packages/websockets/server.py", line 547, in parse
    request = yield from Request.parse(
              ^^^^^^^^^^^^^^^^^^^^^^^^^
        self.reader.read_line,
        ^^^^^^^^^^^^^^^^^^^^^^
    )
    ^
  File "/home/nodea/fl_cluster_hospital/venv/lib/python3.13/site-packages/websockets/http11.py", line 140, in parse
    raise EOFError("connection closed while reading HTTP request line") from exc
EOFError: connection closed while reading HTTP request line

The above exception was the direct cause of the following exception:

Traceback (most recent call last):
  File "/home/nodea/fl_cluster_hospital/venv/lib/python3.13/site-packages/websockets/asyncio/server.py", line 356, in conn_handler
    await connection.handshake(
    ...<3 lines>...
    )
  File "/home/nodea/fl_cluster_hospital/venv/lib/python3.13/site-packages/websockets/asyncio/server.py", line 207, in handshake
    raise self.protocol.handshake_exc
websockets.exceptions.InvalidMessage: did not receive a valid HTTP request
2026-05-26 22:20:47 | DEBUG    | websockets.server    | = connection is CONNECTING
2026-05-26 22:20:47 | DEBUG    | websockets.server    | > EOF
2026-05-26 22:20:47 | DEBUG    | websockets.server    | < EOF
2026-05-26 22:20:47 | DEBUG    | websockets.server    | = connection is CLOSED
2026-05-26 22:20:47 | DEBUG    | websockets.server    | x half-closing TCP connection
2026-05-26 22:20:47 | ERROR    | websockets.server    | opening handshake failed
Traceback (most recent call last):
  File "/home/nodea/fl_cluster_hospital/venv/lib/python3.13/site-packages/websockets/http11.py", line 138, in parse
    request_line = yield from parse_line(read_line)
                   ^^^^^^^^^^^^^^^^^^^^^^^^^^^^^^^^
  File "/home/nodea/fl_cluster_hospital/venv/lib/python3.13/site-packages/websockets/http11.py", line 320, in parse_line
    line = yield from read_line(MAX_LINE_LENGTH)
           ^^^^^^^^^^^^^^^^^^^^^^^^^^^^^^^^^^^^^
  File "/home/nodea/fl_cluster_hospital/venv/lib/python3.13/site-packages/websockets/streams.py", line 46, in read_line
    raise EOFError(f"stream ends after {p} bytes, before end of line")
EOFError: stream ends after 0 bytes, before end of line

The above exception was the direct cause of the following exception:

Traceback (most recent call last):
  File "/home/nodea/fl_cluster_hospital/venv/lib/python3.13/site-packages/websockets/server.py", line 547, in parse
    request = yield from Request.parse(
              ^^^^^^^^^^^^^^^^^^^^^^^^^
        self.reader.read_line,
        ^^^^^^^^^^^^^^^^^^^^^^
    )
    ^
  File "/home/nodea/fl_cluster_hospital/venv/lib/python3.13/site-packages/websockets/http11.py", line 140, in parse
    raise EOFError("connection closed while reading HTTP request line") from exc
EOFError: connection closed while reading HTTP request line

The above exception was the direct cause of the following exception:

Traceback (most recent call last):
  File "/home/nodea/fl_cluster_hospital/venv/lib/python3.13/site-packages/websockets/asyncio/server.py", line 356, in conn_handler
    await connection.handshake(
    ...<3 lines>...
    )
  File "/home/nodea/fl_cluster_hospital/venv/lib/python3.13/site-packages/websockets/asyncio/server.py", line 207, in handshake
    raise self.protocol.handshake_exc
websockets.exceptions.InvalidMessage: did not receive a valid HTTP request
2026-05-26 22:20:49 | DEBUG    | websockets.server    | = connection is CONNECTING
2026-05-26 22:20:49 | DEBUG    | websockets.server    | < GET / HTTP/1.1
2026-05-26 22:20:49 | DEBUG    | websockets.server    | < Host: 172.23.209.149:8765
2026-05-26 22:20:49 | DEBUG    | websockets.server    | < Upgrade: websocket
2026-05-26 22:20:49 | DEBUG    | websockets.server    | < Connection: Upgrade
2026-05-26 22:20:49 | DEBUG    | websockets.server    | < Sec-WebSocket-Key: hhZAlCGP7HqKsxnKQjTyPA==
2026-05-26 22:20:49 | DEBUG    | websockets.server    | < Sec-WebSocket-Version: 13
2026-05-26 22:20:49 | DEBUG    | websockets.server    | < Sec-WebSocket-Extensions: permessage-deflate; client_max_window_bits
2026-05-26 22:20:49 | DEBUG    | websockets.server    | < User-Agent: Python/3.13 websockets/16.0
2026-05-26 22:20:49 | DEBUG    | websockets.server    | > HTTP/1.1 101 Switching Protocols
2026-05-26 22:20:49 | DEBUG    | websockets.server    | > Date: Tue, 26 May 2026 21:20:49 GMT
2026-05-26 22:20:49 | DEBUG    | websockets.server    | > Upgrade: websocket
2026-05-26 22:20:49 | DEBUG    | websockets.server    | > Connection: Upgrade
2026-05-26 22:20:49 | DEBUG    | websockets.server    | > Sec-WebSocket-Accept: RY9NXFmjT7croSOK+EhCcfFMU1U=
2026-05-26 22:20:49 | DEBUG    | websockets.server    | > Sec-WebSocket-Extensions: permessage-deflate; server_max_window_bits=12; client_max_window_bits=12
2026-05-26 22:20:49 | DEBUG    | websockets.server    | > Server: Python/3.13 websockets/16.0
2026-05-26 22:20:49 | DEBUG    | websockets.server    | = connection is OPEN
2026-05-26 22:20:49 | INFO     | websockets.server    | connection open
2026-05-26 22:20:49 | DEBUG    | websockets.server    | < TEXT '172.23.209.148:8765' [19 bytes]
2026-05-26 22:20:49 | INFO     | connections.server   | [TEMP SERVER] Nodo registrado: 172.23.209.148:8765. Temporizador reiniciado (+40s).
2026-05-26 22:20:49 | DEBUG    | websockets.server    | > TEXT 'Registered' [10 bytes]
2026-05-26 22:20:49 | DEBUG    | websockets.server    | > CLOSE 1000 (OK) [2 bytes]
2026-05-26 22:20:49 | DEBUG    | websockets.server    | = connection is CLOSING
2026-05-26 22:20:49 | DEBUG    | websockets.server    | < CLOSE 1000 (OK) [2 bytes]
2026-05-26 22:20:49 | DEBUG    | websockets.server    | > EOF
2026-05-26 22:20:49 | DEBUG    | websockets.server    | x half-closing TCP connection
2026-05-26 22:20:49 | DEBUG    | websockets.server    | < EOF
2026-05-26 22:20:49 | DEBUG    | websockets.server    | = connection is CLOSED
2026-05-26 22:20:49 | DEBUG    | websockets.server    | = connection is CONNECTING
2026-05-26 22:20:49 | DEBUG    | websockets.server    | > EOF
2026-05-26 22:20:49 | DEBUG    | websockets.server    | < EOF
2026-05-26 22:20:49 | DEBUG    | websockets.server    | = connection is CLOSED
2026-05-26 22:20:49 | DEBUG    | websockets.server    | x half-closing TCP connection
2026-05-26 22:20:49 | ERROR    | websockets.server    | opening handshake failed
Traceback (most recent call last):
  File "/home/nodea/fl_cluster_hospital/venv/lib/python3.13/site-packages/websockets/http11.py", line 138, in parse
    request_line = yield from parse_line(read_line)
                   ^^^^^^^^^^^^^^^^^^^^^^^^^^^^^^^^
  File "/home/nodea/fl_cluster_hospital/venv/lib/python3.13/site-packages/websockets/http11.py", line 320, in parse_line
    line = yield from read_line(MAX_LINE_LENGTH)
           ^^^^^^^^^^^^^^^^^^^^^^^^^^^^^^^^^^^^^
  File "/home/nodea/fl_cluster_hospital/venv/lib/python3.13/site-packages/websockets/streams.py", line 46, in read_line
    raise EOFError(f"stream ends after {p} bytes, before end of line")
EOFError: stream ends after 0 bytes, before end of line

The above exception was the direct cause of the following exception:

Traceback (most recent call last):
  File "/home/nodea/fl_cluster_hospital/venv/lib/python3.13/site-packages/websockets/server.py", line 547, in parse
    request = yield from Request.parse(
              ^^^^^^^^^^^^^^^^^^^^^^^^^
        self.reader.read_line,
        ^^^^^^^^^^^^^^^^^^^^^^
    )
    ^
  File "/home/nodea/fl_cluster_hospital/venv/lib/python3.13/site-packages/websockets/http11.py", line 140, in parse
    raise EOFError("connection closed while reading HTTP request line") from exc
EOFError: connection closed while reading HTTP request line

The above exception was the direct cause of the following exception:

Traceback (most recent call last):
  File "/home/nodea/fl_cluster_hospital/venv/lib/python3.13/site-packages/websockets/asyncio/server.py", line 356, in conn_handler
    await connection.handshake(
    ...<3 lines>...
    )
  File "/home/nodea/fl_cluster_hospital/venv/lib/python3.13/site-packages/websockets/asyncio/server.py", line 207, in handshake
    raise self.protocol.handshake_exc
websockets.exceptions.InvalidMessage: did not receive a valid HTTP request
2026-05-26 22:20:51 | DEBUG    | websockets.server    | = connection is CONNECTING
2026-05-26 22:20:51 | DEBUG    | websockets.server    | = connection is CONNECTING
2026-05-26 22:20:51 | DEBUG    | websockets.server    | < GET / HTTP/1.1
2026-05-26 22:20:51 | DEBUG    | websockets.server    | < Host: 172.23.209.149:8765
2026-05-26 22:20:51 | DEBUG    | websockets.server    | < Upgrade: websocket
2026-05-26 22:20:51 | DEBUG    | websockets.server    | < Connection: Upgrade
2026-05-26 22:20:51 | DEBUG    | websockets.server    | < Sec-WebSocket-Key: T5aCxlWdiAdYKHG3A5QV2w==
2026-05-26 22:20:51 | DEBUG    | websockets.server    | < Sec-WebSocket-Version: 13
2026-05-26 22:20:51 | DEBUG    | websockets.server    | < Sec-WebSocket-Extensions: permessage-deflate; client_max_window_bits
2026-05-26 22:20:51 | DEBUG    | websockets.server    | < User-Agent: Python/3.13 websockets/16.0
2026-05-26 22:20:51 | DEBUG    | websockets.server    | > EOF
2026-05-26 22:20:51 | DEBUG    | websockets.server    | < EOF
2026-05-26 22:20:51 | DEBUG    | websockets.server    | = connection is CLOSED
2026-05-26 22:20:51 | DEBUG    | websockets.server    | x half-closing TCP connection
2026-05-26 22:20:51 | DEBUG    | websockets.server    | > HTTP/1.1 101 Switching Protocols
2026-05-26 22:20:51 | DEBUG    | websockets.server    | > Date: Tue, 26 May 2026 21:20:51 GMT
2026-05-26 22:20:51 | DEBUG    | websockets.server    | > Upgrade: websocket
2026-05-26 22:20:51 | DEBUG    | websockets.server    | > Connection: Upgrade
2026-05-26 22:20:51 | DEBUG    | websockets.server    | > Sec-WebSocket-Accept: qF6fK+MYdisp2OA/gOrO9HTa1xc=
2026-05-26 22:20:51 | DEBUG    | websockets.server    | > Sec-WebSocket-Extensions: permessage-deflate; server_max_window_bits=12; client_max_window_bits=12
2026-05-26 22:20:51 | DEBUG    | websockets.server    | > Server: Python/3.13 websockets/16.0
2026-05-26 22:20:51 | DEBUG    | websockets.server    | = connection is OPEN
2026-05-26 22:20:51 | INFO     | websockets.server    | connection open
2026-05-26 22:20:51 | ERROR    | websockets.server    | opening handshake failed
Traceback (most recent call last):
  File "/home/nodea/fl_cluster_hospital/venv/lib/python3.13/site-packages/websockets/http11.py", line 138, in parse
    request_line = yield from parse_line(read_line)
                   ^^^^^^^^^^^^^^^^^^^^^^^^^^^^^^^^
  File "/home/nodea/fl_cluster_hospital/venv/lib/python3.13/site-packages/websockets/http11.py", line 320, in parse_line
    line = yield from read_line(MAX_LINE_LENGTH)
           ^^^^^^^^^^^^^^^^^^^^^^^^^^^^^^^^^^^^^
  File "/home/nodea/fl_cluster_hospital/venv/lib/python3.13/site-packages/websockets/streams.py", line 46, in read_line
    raise EOFError(f"stream ends after {p} bytes, before end of line")
EOFError: stream ends after 0 bytes, before end of line

The above exception was the direct cause of the following exception:

Traceback (most recent call last):
  File "/home/nodea/fl_cluster_hospital/venv/lib/python3.13/site-packages/websockets/server.py", line 547, in parse
    request = yield from Request.parse(
              ^^^^^^^^^^^^^^^^^^^^^^^^^
        self.reader.read_line,
        ^^^^^^^^^^^^^^^^^^^^^^
    )
    ^
  File "/home/nodea/fl_cluster_hospital/venv/lib/python3.13/site-packages/websockets/http11.py", line 140, in parse
    raise EOFError("connection closed while reading HTTP request line") from exc
EOFError: connection closed while reading HTTP request line

The above exception was the direct cause of the following exception:

Traceback (most recent call last):
  File "/home/nodea/fl_cluster_hospital/venv/lib/python3.13/site-packages/websockets/asyncio/server.py", line 356, in conn_handler
    await connection.handshake(
    ...<3 lines>...
    )
  File "/home/nodea/fl_cluster_hospital/venv/lib/python3.13/site-packages/websockets/asyncio/server.py", line 207, in handshake
    raise self.protocol.handshake_exc
websockets.exceptions.InvalidMessage: did not receive a valid HTTP request
2026-05-26 22:20:51 | DEBUG    | websockets.server    | < TEXT '172.23.209.153:8765' [19 bytes]
2026-05-26 22:20:51 | INFO     | connections.server   | [TEMP SERVER] Nodo registrado: 172.23.209.153:8765. Temporizador reiniciado (+40s).
2026-05-26 22:20:51 | DEBUG    | websockets.server    | > TEXT 'Registered' [10 bytes]
2026-05-26 22:20:51 | DEBUG    | websockets.server    | > CLOSE 1000 (OK) [2 bytes]
2026-05-26 22:20:51 | DEBUG    | websockets.server    | = connection is CLOSING
2026-05-26 22:20:51 | DEBUG    | websockets.server    | < CLOSE 1000 (OK) [2 bytes]
2026-05-26 22:20:51 | DEBUG    | websockets.server    | > EOF
2026-05-26 22:20:51 | DEBUG    | websockets.server    | x half-closing TCP connection
2026-05-26 22:20:51 | DEBUG    | websockets.server    | < EOF
2026-05-26 22:20:51 | DEBUG    | websockets.server    | = connection is CLOSED
2026-05-26 22:20:55 | DEBUG    | websockets.server    | = connection is CONNECTING
2026-05-26 22:20:55 | DEBUG    | websockets.server    | < GET / HTTP/1.1
2026-05-26 22:20:55 | DEBUG    | websockets.server    | < Host: 172.23.209.149:8765
2026-05-26 22:20:55 | DEBUG    | websockets.server    | < Upgrade: websocket
2026-05-26 22:20:55 | DEBUG    | websockets.server    | < Connection: Upgrade
2026-05-26 22:20:55 | DEBUG    | websockets.server    | < Sec-WebSocket-Key: mxQxdZ/Ns1BA4Cw7Z8vYdw==
2026-05-26 22:20:55 | DEBUG    | websockets.server    | < Sec-WebSocket-Version: 13
2026-05-26 22:20:55 | DEBUG    | websockets.server    | < Sec-WebSocket-Extensions: permessage-deflate; client_max_window_bits
2026-05-26 22:20:55 | DEBUG    | websockets.server    | < User-Agent: Python/3.13 websockets/16.0
2026-05-26 22:20:55 | DEBUG    | websockets.server    | > HTTP/1.1 101 Switching Protocols
2026-05-26 22:20:55 | DEBUG    | websockets.server    | > Date: Tue, 26 May 2026 21:20:55 GMT
2026-05-26 22:20:55 | DEBUG    | websockets.server    | > Upgrade: websocket
2026-05-26 22:20:55 | DEBUG    | websockets.server    | > Connection: Upgrade
2026-05-26 22:20:55 | DEBUG    | websockets.server    | > Sec-WebSocket-Accept: Lbf9iC2azTE0U4qysRK4x0mplck=
2026-05-26 22:20:55 | DEBUG    | websockets.server    | > Sec-WebSocket-Extensions: permessage-deflate; server_max_window_bits=12; client_max_window_bits=12
2026-05-26 22:20:55 | DEBUG    | websockets.server    | > Server: Python/3.13 websockets/16.0
2026-05-26 22:20:55 | DEBUG    | websockets.server    | = connection is OPEN
2026-05-26 22:20:55 | INFO     | websockets.server    | connection open
2026-05-26 22:20:55 | DEBUG    | websockets.server    | < TEXT '172.23.209.152:8765' [19 bytes]
2026-05-26 22:20:55 | INFO     | connections.server   | [TEMP SERVER] Nodo registrado: 172.23.209.152:8765. Temporizador reiniciado (+40s).
2026-05-26 22:20:55 | DEBUG    | websockets.server    | > TEXT 'Registered' [10 bytes]
2026-05-26 22:20:55 | DEBUG    | websockets.server    | > CLOSE 1000 (OK) [2 bytes]
2026-05-26 22:20:55 | DEBUG    | websockets.server    | = connection is CLOSING
2026-05-26 22:20:55 | DEBUG    | websockets.server    | < CLOSE 1000 (OK) [2 bytes]
2026-05-26 22:20:55 | DEBUG    | websockets.server    | > EOF
2026-05-26 22:20:55 | DEBUG    | websockets.server    | x half-closing TCP connection
2026-05-26 22:20:55 | DEBUG    | websockets.server    | < EOF
2026-05-26 22:20:55 | DEBUG    | websockets.server    | = connection is CLOSED
2026-05-26 22:20:57 | DEBUG    | websockets.server    | = connection is CONNECTING
2026-05-26 22:20:57 | DEBUG    | websockets.server    | < GET / HTTP/1.1
2026-05-26 22:20:57 | DEBUG    | websockets.server    | < Host: 172.23.209.149:8765
2026-05-26 22:20:57 | DEBUG    | websockets.server    | < Upgrade: websocket
2026-05-26 22:20:57 | DEBUG    | websockets.server    | < Connection: Upgrade
2026-05-26 22:20:57 | DEBUG    | websockets.server    | < Sec-WebSocket-Key: jXIY+MgCUtHQS1nu0Jh6aw==
2026-05-26 22:20:57 | DEBUG    | websockets.server    | < Sec-WebSocket-Version: 13
2026-05-26 22:20:57 | DEBUG    | websockets.server    | < Sec-WebSocket-Extensions: permessage-deflate; client_max_window_bits
2026-05-26 22:20:57 | DEBUG    | websockets.server    | < User-Agent: Python/3.13 websockets/16.0
2026-05-26 22:20:57 | DEBUG    | websockets.server    | > HTTP/1.1 101 Switching Protocols
2026-05-26 22:20:57 | DEBUG    | websockets.server    | > Date: Tue, 26 May 2026 21:20:57 GMT
2026-05-26 22:20:57 | DEBUG    | websockets.server    | > Upgrade: websocket
2026-05-26 22:20:57 | DEBUG    | websockets.server    | > Connection: Upgrade
2026-05-26 22:20:57 | DEBUG    | websockets.server    | > Sec-WebSocket-Accept: qq1+f1x0O0JG3M+nPe1YOm/ivSU=
2026-05-26 22:20:57 | DEBUG    | websockets.server    | > Sec-WebSocket-Extensions: permessage-deflate; server_max_window_bits=12; client_max_window_bits=12
2026-05-26 22:20:57 | DEBUG    | websockets.server    | > Server: Python/3.13 websockets/16.0
2026-05-26 22:20:57 | DEBUG    | websockets.server    | = connection is OPEN
2026-05-26 22:20:57 | INFO     | websockets.server    | connection open
2026-05-26 22:20:57 | DEBUG    | websockets.server    | < TEXT '172.23.209.144:8765' [19 bytes]
2026-05-26 22:20:57 | INFO     | connections.server   | [TEMP SERVER] Nodo registrado: 172.23.209.144:8765. Temporizador reiniciado (+40s).
2026-05-26 22:20:57 | DEBUG    | websockets.server    | > TEXT 'Registered' [10 bytes]
2026-05-26 22:20:57 | DEBUG    | websockets.server    | > CLOSE 1000 (OK) [2 bytes]
2026-05-26 22:20:57 | DEBUG    | websockets.server    | = connection is CLOSING
2026-05-26 22:20:57 | DEBUG    | websockets.server    | < CLOSE 1000 (OK) [2 bytes]
2026-05-26 22:20:57 | DEBUG    | websockets.server    | > EOF
2026-05-26 22:20:57 | DEBUG    | websockets.server    | x half-closing TCP connection
2026-05-26 22:20:57 | DEBUG    | websockets.server    | < EOF
2026-05-26 22:20:57 | DEBUG    | websockets.server    | = connection is CLOSED
2026-05-26 22:20:59 | DEBUG    | websockets.server    | = connection is CONNECTING
2026-05-26 22:20:59 | DEBUG    | websockets.server    | < GET / HTTP/1.1
2026-05-26 22:20:59 | DEBUG    | websockets.server    | < Host: 172.23.209.149:8765
2026-05-26 22:20:59 | DEBUG    | websockets.server    | < Upgrade: websocket
2026-05-26 22:20:59 | DEBUG    | websockets.server    | < Connection: Upgrade
2026-05-26 22:20:59 | DEBUG    | websockets.server    | < Sec-WebSocket-Key: 6hnAhj/zuwOnjucdLQEknA==
2026-05-26 22:20:59 | DEBUG    | websockets.server    | < Sec-WebSocket-Version: 13
2026-05-26 22:20:59 | DEBUG    | websockets.server    | < Sec-WebSocket-Extensions: permessage-deflate; client_max_window_bits
2026-05-26 22:20:59 | DEBUG    | websockets.server    | < User-Agent: Python/3.13 websockets/16.0
2026-05-26 22:20:59 | DEBUG    | websockets.server    | > HTTP/1.1 101 Switching Protocols
2026-05-26 22:20:59 | DEBUG    | websockets.server    | > Date: Tue, 26 May 2026 21:20:59 GMT
2026-05-26 22:20:59 | DEBUG    | websockets.server    | > Upgrade: websocket
2026-05-26 22:20:59 | DEBUG    | websockets.server    | > Connection: Upgrade
2026-05-26 22:20:59 | DEBUG    | websockets.server    | > Sec-WebSocket-Accept: MleRL+7k7LFfZMOlu0GhuRPgfls=
2026-05-26 22:20:59 | DEBUG    | websockets.server    | > Sec-WebSocket-Extensions: permessage-deflate; server_max_window_bits=12; client_max_window_bits=12
2026-05-26 22:20:59 | DEBUG    | websockets.server    | > Server: Python/3.13 websockets/16.0
2026-05-26 22:20:59 | DEBUG    | websockets.server    | = connection is OPEN
2026-05-26 22:20:59 | INFO     | websockets.server    | connection open
2026-05-26 22:20:59 | DEBUG    | websockets.server    | < TEXT '172.23.209.150:8765' [19 bytes]
2026-05-26 22:20:59 | INFO     | connections.server   | [TEMP SERVER] Nodo registrado: 172.23.209.150:8765. Temporizador reiniciado (+40s).
2026-05-26 22:20:59 | DEBUG    | websockets.server    | > TEXT 'Registered' [10 bytes]
2026-05-26 22:20:59 | DEBUG    | websockets.server    | > CLOSE 1000 (OK) [2 bytes]
2026-05-26 22:20:59 | DEBUG    | websockets.server    | = connection is CLOSING
2026-05-26 22:20:59 | DEBUG    | websockets.server    | < CLOSE 1000 (OK) [2 bytes]
2026-05-26 22:20:59 | DEBUG    | websockets.server    | > EOF
2026-05-26 22:20:59 | DEBUG    | websockets.server    | x half-closing TCP connection
2026-05-26 22:20:59 | DEBUG    | websockets.server    | < EOF
2026-05-26 22:20:59 | DEBUG    | websockets.server    | = connection is CLOSED
2026-05-26 22:21:39 | INFO     | connections.server   | [TEMP SERVER] Se alcanzó el límite de 40s de inactividad total. Cerrando...
2026-05-26 22:21:39 | INFO     | websockets.server    | server closing
2026-05-26 22:21:39 | INFO     | websockets.server    | server closed
2026-05-26 22:21:39 | INFO     | connections.server   | [TEMP SERVER] Servidor temporal cerrado exitosamente.
2026-05-26 22:21:39 | INFO     | __main__             | [HIER] Distribuyendo modelo a 5 hijo(s)...
2026-05-26 22:21:39 | INFO     | connections.client   | [SERVER] Iniciando distribución de archivo models/model.pt a 5 nodo(s)...
2026-05-26 22:21:39 | DEBUG    | websockets.client    | = connection is CONNECTING
2026-05-26 22:21:39 | DEBUG    | websockets.client    | > GET / HTTP/1.1
2026-05-26 22:21:39 | DEBUG    | websockets.client    | > Host: 172.23.209.153:8765
2026-05-26 22:21:39 | DEBUG    | websockets.client    | > Upgrade: websocket
2026-05-26 22:21:39 | DEBUG    | websockets.client    | > Connection: Upgrade
2026-05-26 22:21:39 | DEBUG    | websockets.client    | > Sec-WebSocket-Key: 5aCiBs53ppsJ67RAwQon/Q==
2026-05-26 22:21:39 | DEBUG    | websockets.client    | > Sec-WebSocket-Version: 13
2026-05-26 22:21:39 | DEBUG    | websockets.client    | > Sec-WebSocket-Extensions: permessage-deflate; client_max_window_bits
2026-05-26 22:21:39 | DEBUG    | websockets.client    | > User-Agent: Python/3.13 websockets/16.0
2026-05-26 22:21:39 | DEBUG    | websockets.client    | = connection is CONNECTING
2026-05-26 22:21:39 | DEBUG    | websockets.client    | > GET / HTTP/1.1
2026-05-26 22:21:39 | DEBUG    | websockets.client    | > Host: 172.23.209.144:8765
2026-05-26 22:21:39 | DEBUG    | websockets.client    | > Upgrade: websocket
2026-05-26 22:21:39 | DEBUG    | websockets.client    | > Connection: Upgrade
2026-05-26 22:21:39 | DEBUG    | websockets.client    | > Sec-WebSocket-Key: 1cDboWHoT8j2UnUkB9Ofsw==
2026-05-26 22:21:39 | DEBUG    | websockets.client    | > Sec-WebSocket-Version: 13
2026-05-26 22:21:39 | DEBUG    | websockets.client    | > Sec-WebSocket-Extensions: permessage-deflate; client_max_window_bits
2026-05-26 22:21:39 | DEBUG    | websockets.client    | > User-Agent: Python/3.13 websockets/16.0
2026-05-26 22:21:39 | DEBUG    | websockets.client    | < HTTP/1.1 101 Switching Protocols
2026-05-26 22:21:39 | DEBUG    | websockets.client    | < Date: Tue, 26 May 2026 21:21:39 GMT
2026-05-26 22:21:39 | DEBUG    | websockets.client    | < Upgrade: websocket
2026-05-26 22:21:39 | DEBUG    | websockets.client    | < Connection: Upgrade
2026-05-26 22:21:39 | DEBUG    | websockets.client    | < Sec-WebSocket-Accept: ngvdTzYswAGBDqLRPp+uQki+rng=
2026-05-26 22:21:39 | DEBUG    | websockets.client    | < Sec-WebSocket-Extensions: permessage-deflate; server_max_window_bits=12; client_max_window_bits=12
2026-05-26 22:21:39 | DEBUG    | websockets.client    | < Server: Python/3.13 websockets/16.0
2026-05-26 22:21:39 | DEBUG    | websockets.client    | = connection is OPEN
2026-05-26 22:21:39 | DEBUG    | websockets.client    | > BINARY 50 4b 03 04 00 00 08 08 00 00 00 00 00 00 00 00 ... 00 00 f8 6e 01 00 00 00 [94781 bytes]
2026-05-26 22:21:39 | DEBUG    | websockets.client    | < HTTP/1.1 101 Switching Protocols
2026-05-26 22:21:39 | DEBUG    | websockets.client    | < Date: Tue, 26 May 2026 21:21:39 GMT
2026-05-26 22:21:39 | DEBUG    | websockets.client    | < Upgrade: websocket
2026-05-26 22:21:39 | DEBUG    | websockets.client    | < Connection: Upgrade
2026-05-26 22:21:39 | DEBUG    | websockets.client    | < Sec-WebSocket-Accept: QDiHnOOzBCKBRINTAeMOouDX53o=
2026-05-26 22:21:39 | DEBUG    | websockets.client    | < Sec-WebSocket-Extensions: permessage-deflate; server_max_window_bits=12; client_max_window_bits=12
2026-05-26 22:21:39 | DEBUG    | websockets.client    | < Server: Python/3.13 websockets/16.0
2026-05-26 22:21:39 | DEBUG    | websockets.client    | = connection is OPEN
2026-05-26 22:21:39 | DEBUG    | websockets.client    | > BINARY 50 4b 03 04 00 00 08 08 00 00 00 00 00 00 00 00 ... 00 00 f8 6e 01 00 00 00 [94781 bytes]
2026-05-26 22:21:39 | DEBUG    | websockets.client    | = connection is CONNECTING
2026-05-26 22:21:39 | DEBUG    | websockets.client    | = connection is CONNECTING
2026-05-26 22:21:39 | DEBUG    | websockets.client    | > GET / HTTP/1.1
2026-05-26 22:21:39 | DEBUG    | websockets.client    | > Host: 172.23.209.152:8765
2026-05-26 22:21:39 | DEBUG    | websockets.client    | > Upgrade: websocket
2026-05-26 22:21:39 | DEBUG    | websockets.client    | > Connection: Upgrade
2026-05-26 22:21:39 | DEBUG    | websockets.client    | > Sec-WebSocket-Key: PmLIjBuByQ9nKcV4IeJIIA==
2026-05-26 22:21:39 | DEBUG    | websockets.client    | > Sec-WebSocket-Version: 13
2026-05-26 22:21:39 | DEBUG    | websockets.client    | > Sec-WebSocket-Extensions: permessage-deflate; client_max_window_bits
2026-05-26 22:21:39 | DEBUG    | websockets.client    | > User-Agent: Python/3.13 websockets/16.0
2026-05-26 22:21:39 | DEBUG    | websockets.client    | > GET / HTTP/1.1
2026-05-26 22:21:39 | DEBUG    | websockets.client    | > Host: 172.23.209.148:8765
2026-05-26 22:21:39 | DEBUG    | websockets.client    | > Upgrade: websocket
2026-05-26 22:21:39 | DEBUG    | websockets.client    | > Connection: Upgrade
2026-05-26 22:21:39 | DEBUG    | websockets.client    | > Sec-WebSocket-Key: dFOBzlTdW7Rz7TZmD3pR2w==
2026-05-26 22:21:39 | DEBUG    | websockets.client    | > Sec-WebSocket-Version: 13
2026-05-26 22:21:39 | DEBUG    | websockets.client    | > Sec-WebSocket-Extensions: permessage-deflate; client_max_window_bits
2026-05-26 22:21:39 | DEBUG    | websockets.client    | > User-Agent: Python/3.13 websockets/16.0
2026-05-26 22:21:39 | DEBUG    | websockets.client    | = connection is CONNECTING
2026-05-26 22:21:39 | DEBUG    | websockets.client    | > GET / HTTP/1.1
2026-05-26 22:21:39 | DEBUG    | websockets.client    | > Host: 172.23.209.150:8765
2026-05-26 22:21:39 | DEBUG    | websockets.client    | > Upgrade: websocket
2026-05-26 22:21:39 | DEBUG    | websockets.client    | > Connection: Upgrade
2026-05-26 22:21:39 | DEBUG    | websockets.client    | > Sec-WebSocket-Key: Kw7O19Tq9thFQHxPfLKHYA==
2026-05-26 22:21:39 | DEBUG    | websockets.client    | > Sec-WebSocket-Version: 13
2026-05-26 22:21:39 | DEBUG    | websockets.client    | > Sec-WebSocket-Extensions: permessage-deflate; client_max_window_bits
2026-05-26 22:21:39 | DEBUG    | websockets.client    | > User-Agent: Python/3.13 websockets/16.0
2026-05-26 22:21:39 | DEBUG    | websockets.client    | < HTTP/1.1 101 Switching Protocols
2026-05-26 22:21:39 | DEBUG    | websockets.client    | < Date: Tue, 26 May 2026 21:21:39 GMT
2026-05-26 22:21:39 | DEBUG    | websockets.client    | < Upgrade: websocket
2026-05-26 22:21:39 | DEBUG    | websockets.client    | < Connection: Upgrade
2026-05-26 22:21:39 | DEBUG    | websockets.client    | < Sec-WebSocket-Accept: dcymyTrbaV6amwBiXYl58JKp0m4=
2026-05-26 22:21:39 | DEBUG    | websockets.client    | < Sec-WebSocket-Extensions: permessage-deflate; server_max_window_bits=12; client_max_window_bits=12
2026-05-26 22:21:39 | DEBUG    | websockets.client    | < Server: Python/3.13 websockets/16.0
2026-05-26 22:21:39 | DEBUG    | websockets.client    | = connection is OPEN
2026-05-26 22:21:39 | DEBUG    | websockets.client    | > BINARY 50 4b 03 04 00 00 08 08 00 00 00 00 00 00 00 00 ... 00 00 f8 6e 01 00 00 00 [94781 bytes]
2026-05-26 22:21:39 | DEBUG    | websockets.client    | < HTTP/1.1 101 Switching Protocols
2026-05-26 22:21:39 | DEBUG    | websockets.client    | < Date: Tue, 26 May 2026 21:21:39 GMT
2026-05-26 22:21:39 | DEBUG    | websockets.client    | < Upgrade: websocket
2026-05-26 22:21:39 | DEBUG    | websockets.client    | < Connection: Upgrade
2026-05-26 22:21:39 | DEBUG    | websockets.client    | < Sec-WebSocket-Accept: sBH/sPkCWN9Hi2w0oKv+FBCqZo8=
2026-05-26 22:21:39 | DEBUG    | websockets.client    | < Sec-WebSocket-Extensions: permessage-deflate; server_max_window_bits=12; client_max_window_bits=12
2026-05-26 22:21:39 | DEBUG    | websockets.client    | < Server: Python/3.13 websockets/16.0
2026-05-26 22:21:39 | DEBUG    | websockets.client    | = connection is OPEN
2026-05-26 22:21:39 | DEBUG    | websockets.client    | < HTTP/1.1 101 Switching Protocols
2026-05-26 22:21:39 | DEBUG    | websockets.client    | < Date: Tue, 26 May 2026 21:21:39 GMT
2026-05-26 22:21:39 | DEBUG    | websockets.client    | < Upgrade: websocket
2026-05-26 22:21:39 | DEBUG    | websockets.client    | < Connection: Upgrade
2026-05-26 22:21:39 | DEBUG    | websockets.client    | < Sec-WebSocket-Accept: THuxSOFmrQbixxtam0iFnQ9Fv4w=
2026-05-26 22:21:39 | DEBUG    | websockets.client    | < Sec-WebSocket-Extensions: permessage-deflate; server_max_window_bits=12; client_max_window_bits=12
2026-05-26 22:21:39 | DEBUG    | websockets.client    | < Server: Python/3.13 websockets/16.0
2026-05-26 22:21:39 | DEBUG    | websockets.client    | = connection is OPEN
2026-05-26 22:21:39 | DEBUG    | websockets.client    | < TEXT 'ACK_FILE_SUCCESS' [16 bytes]
2026-05-26 22:21:39 | DEBUG    | websockets.client    | < CLOSE 1000 (OK) [2 bytes]
2026-05-26 22:21:39 | DEBUG    | websockets.client    | > CLOSE 1000 (OK) [2 bytes]
2026-05-26 22:21:39 | DEBUG    | websockets.client    | = connection is CLOSING
2026-05-26 22:21:39 | INFO     | connections.client   | [SERVER] Confirmación desde 172.23.209.153:8765: ACK_FILE_SUCCESS
2026-05-26 22:21:39 | DEBUG    | websockets.client    | > BINARY 50 4b 03 04 00 00 08 08 00 00 00 00 00 00 00 00 ... 00 00 f8 6e 01 00 00 00 [94781 bytes]
2026-05-26 22:21:39 | DEBUG    | websockets.client    | > BINARY 50 4b 03 04 00 00 08 08 00 00 00 00 00 00 00 00 ... 00 00 f8 6e 01 00 00 00 [94781 bytes]
2026-05-26 22:21:39 | DEBUG    | websockets.client    | < TEXT 'ACK_FILE_SUCCESS' [16 bytes]
2026-05-26 22:21:39 | DEBUG    | websockets.client    | < CLOSE 1000 (OK) [2 bytes]
2026-05-26 22:21:39 | DEBUG    | websockets.client    | > CLOSE 1000 (OK) [2 bytes]
2026-05-26 22:21:39 | DEBUG    | websockets.client    | = connection is CLOSING
2026-05-26 22:21:39 | DEBUG    | websockets.client    | < EOF
2026-05-26 22:21:39 | DEBUG    | websockets.client    | > EOF
2026-05-26 22:21:39 | DEBUG    | websockets.client    | = connection is CLOSED
2026-05-26 22:21:39 | DEBUG    | websockets.client    | x half-closing TCP connection
2026-05-26 22:21:39 | INFO     | connections.client   | [SERVER] Confirmación desde 172.23.209.144:8765: ACK_FILE_SUCCESS
2026-05-26 22:21:39 | DEBUG    | websockets.client    | < EOF
2026-05-26 22:21:39 | DEBUG    | websockets.client    | > EOF
2026-05-26 22:21:39 | DEBUG    | websockets.client    | = connection is CLOSED
2026-05-26 22:21:39 | DEBUG    | websockets.client    | x half-closing TCP connection
2026-05-26 22:21:39 | DEBUG    | websockets.client    | < TEXT 'ACK_FILE_SUCCESS' [16 bytes]
2026-05-26 22:21:39 | INFO     | connections.client   | [SERVER] Confirmación desde 172.23.209.148:8765: ACK_FILE_SUCCESS
2026-05-26 22:21:39 | DEBUG    | websockets.client    | > CLOSE 1000 (OK) [2 bytes]
2026-05-26 22:21:39 | DEBUG    | websockets.client    | = connection is CLOSING
2026-05-26 22:21:39 | DEBUG    | websockets.client    | < CLOSE 1000 (OK) [2 bytes]
2026-05-26 22:21:39 | DEBUG    | websockets.client    | < EOF
2026-05-26 22:21:39 | DEBUG    | websockets.client    | > EOF
2026-05-26 22:21:39 | DEBUG    | websockets.client    | = connection is CLOSED
2026-05-26 22:21:39 | DEBUG    | websockets.client    | x half-closing TCP connection
2026-05-26 22:21:40 | DEBUG    | websockets.client    | < TEXT 'ACK_FILE_SUCCESS' [16 bytes]
2026-05-26 22:21:40 | INFO     | connections.client   | [SERVER] Confirmación desde 172.23.209.152:8765: ACK_FILE_SUCCESS
2026-05-26 22:21:40 | DEBUG    | websockets.client    | > CLOSE 1000 (OK) [2 bytes]
2026-05-26 22:21:40 | DEBUG    | websockets.client    | = connection is CLOSING
2026-05-26 22:21:40 | DEBUG    | websockets.client    | < CLOSE 1000 (OK) [2 bytes]
2026-05-26 22:21:40 | DEBUG    | websockets.client    | < EOF
2026-05-26 22:21:40 | DEBUG    | websockets.client    | > EOF
2026-05-26 22:21:40 | DEBUG    | websockets.client    | = connection is CLOSED
2026-05-26 22:21:40 | DEBUG    | websockets.client    | x half-closing TCP connection
2026-05-26 22:21:40 | DEBUG    | websockets.client    | < TEXT 'ACK_FILE_SUCCESS' [16 bytes]
2026-05-26 22:21:40 | INFO     | connections.client   | [SERVER] Confirmación desde 172.23.209.150:8765: ACK_FILE_SUCCESS
2026-05-26 22:21:40 | DEBUG    | websockets.client    | > CLOSE 1000 (OK) [2 bytes]
2026-05-26 22:21:40 | DEBUG    | websockets.client    | = connection is CLOSING
2026-05-26 22:21:40 | DEBUG    | websockets.client    | < CLOSE 1000 (OK) [2 bytes]
2026-05-26 22:21:40 | DEBUG    | websockets.client    | < EOF
2026-05-26 22:21:40 | DEBUG    | websockets.client    | > EOF
2026-05-26 22:21:40 | DEBUG    | websockets.client    | = connection is CLOSED
2026-05-26 22:21:40 | DEBUG    | websockets.client    | x half-closing TCP connection
2026-05-26 22:21:40 | INFO     | connections.client   | [SERVER] Archivo entregado con éxito a 5/5 nodo(s).
2026-05-26 22:21:40 | INFO     | __main__             | 
[INFO] ip=172.23.209.149:8765 | ip_father=172.23.209.149:8765 | leaf=False | método=FedAvg
2026-05-26 22:21:40 | INFO     | __main__             | 
============================================================
[HIER] Ronda jerárquica 0
============================================================
2026-05-26 22:21:40 | DEBUG    | asyncio              | Using selector: EpollSelector
2026-05-26 22:21:40 | INFO     | utils                | [CENTRAL] Nodos guardados: {'Nodo_1': '172.23.209.148:8765', 'Nodo_2': '172.23.209.153:8765', 'Nodo_3': '172.23.209.152:8765', 'Nodo_4': '172.23.209.144:8765', 'Nodo_5': '172.23.209.150:8765', 'n_nodes': 5}
2026-05-26 22:21:40 | INFO     | federated            | [CENTRAL] Arquitectura=Cluster | Método=FedAvg | Rondas=50
2026-05-26 22:21:40 | INFO     | federated            | 
[CENTRAL] ══ Ronda 1/50 ══
2026-05-26 22:21:40 | INFO     | connections.server   | [SERVER] Listening on ws://0.0.0.0:8765 (esperando 5 nodo(s), max 3000s)...
2026-05-26 22:21:40 | INFO     | websockets.server    | server listening on 0.0.0.0:8765
2026-05-26 22:22:31 | INFO     | websockets.server    | server closing
2026-05-26 22:22:31 | INFO     | websockets.server    | server closed
