2026-05-26 23:13:14 | INFO     | __main__             | [CENTRAL] Iniciando | Método=FedAvg
2026-05-26 23:13:14 | INFO     | __main__             | [MODEL] Features inferidas desde preprocessor: 105 | /home/nodea/fl_cluster_hospital/data/preprocessor_global.joblib
2026-05-26 23:13:14 | INFO     | __main__             | [MODEL] Creando modelo inicial con in_features=105
2026-05-26 23:13:14 | INFO     | __main__             | [CENTRAL] Modelo inicial creado correctamente
2026-05-26 23:13:14 | INFO     | __main__             | [HIER] Raíz. Esperando hijos...
2026-05-26 23:13:14 | INFO     | connections.server   | [TEMP SERVER] Iniciando en ws://0.0.0.0:8765...
2026-05-26 23:13:14 | INFO     | connections.server   | [TEMP SERVER] El servidor cerrará si pasan 40s sin nuevos nodos.
2026-05-26 23:13:14 | INFO     | websockets.server    | server listening on 0.0.0.0:8765
2026-05-26 23:13:54 | INFO     | connections.server   | [TEMP SERVER] Se alcanzó el límite de 40s de inactividad total. Cerrando...
2026-05-26 23:13:54 | INFO     | websockets.server    | server closing
2026-05-26 23:13:54 | INFO     | websockets.server    | server closed
2026-05-26 23:13:54 | INFO     | connections.server   | [TEMP SERVER] Servidor temporal cerrado exitosamente.
2026-05-26 23:13:54 | INFO     | __main__             | [HIER] Nodo hoja sin hijos.
2026-05-26 23:13:54 | INFO     | __main__             | 
[INFO] ip=172.23.209.149:8765 | ip_father=172.23.209.149:8765 | leaf=True | método=FedAvg
2026-05-26 23:13:54 | INFO     | __main__             | 
============================================================
[HIER] Ronda jerárquica 0
============================================================
2026-05-26 23:13:54 | INFO     | federated            | 
[NODE] ══ Ronda 1/50 [FedAvg] ══
2026-05-26 23:13:54 | INFO     | model.fed_model      | [INIT] Pesos cargados: models/model.pt
[create_model] Modelo guardado: models/model.pt (105 features)
Traceback (most recent call last):
  File "/home/nodea/fl_cluster_hospital/main.py", line 363, in <module>
    main()
    ~~~~^^
  File "/home/nodea/fl_cluster_hospital/main.py", line 345, in main
    fed(central=False, addr=ip, server_addr=ip_father, h_ronda=h_ronda)
    ~~~^^^^^^^^^^^^^^^^^^^^^^^^^^^^^^^^^^^^^^^^^^^^^^^^^^^^^^^^^^^^^^^^
  File "/home/nodea/fl_cluster_hospital/federated.py", line 398, in main
    asyncio.run(client_main(addr, server_addr, h_ronda))
    ~~~~~~~~~~~^^^^^^^^^^^^^^^^^^^^^^^^^^^^^^^^^^^^^^^^^
  File "/usr/lib/python3.13/asyncio/runners.py", line 195, in run
    return runner.run(main)
           ~~~~~~~~~~^^^^^^
  File "/usr/lib/python3.13/asyncio/runners.py", line 118, in run
    return self._loop.run_until_complete(task)
           ~~~~~~~~~~~~~~~~~~~~~~~~~~~~~^^^^^^
  File "/usr/lib/python3.13/asyncio/base_events.py", line 725, in run_until_complete
    return future.result()
           ~~~~~~~~~~~~~^^
  File "/home/nodea/fl_cluster_hospital/federated.py", line 300, in client_main
    train_loader, test_loader = trainer.load_csv(DATA_PATH, label_col=LABEL_COLUMN)
                                ~~~~~~~~~~~~~~~~^^^^^^^^^^^^^^^^^^^^^^^^^^^^^^^^^^^
  File "/home/nodea/fl_cluster_hospital/model/fed_model.py", line 68, in load_csv
    df = pd.read_csv(path).dropna()
         ~~~~~~~~~~~^^^^^^
  File "/home/nodea/fl_cluster_hospital/venv/lib/python3.13/site-packages/pandas/io/parsers/readers.py", line 873, in read_csv
    return _read(filepath_or_buffer, kwds)
  File "/home/nodea/fl_cluster_hospital/venv/lib/python3.13/site-packages/pandas/io/parsers/readers.py", line 300, in _read
    parser = TextFileReader(filepath_or_buffer, **kwds)
  File "/home/nodea/fl_cluster_hospital/venv/lib/python3.13/site-packages/pandas/io/parsers/readers.py", line 1645, in __init__
    self._engine = self._make_engine(f, self.engine)
                   ~~~~~~~~~~~~~~~~~^^^^^^^^^^^^^^^^
  File "/home/nodea/fl_cluster_hospital/venv/lib/python3.13/site-packages/pandas/io/parsers/readers.py", line 1904, in _make_engine
    self.handles = get_handle(
                   ~~~~~~~~~~^
        f,
        ^^
    ...<6 lines>...
        storage_options=self.options.get("storage_options", None),
        ^^^^^^^^^^^^^^^^^^^^^^^^^^^^^^^^^^^^^^^^^^^^^^^^^^^^^^^^^^
    )
    ^
  File "/home/nodea/fl_cluster_hospital/venv/lib/python3.13/site-packages/pandas/io/common.py", line 930, in get_handle
    handle = open(
        handle,
    ...<3 lines>...
        newline="",
    )
FileNotFoundError: [Errno 2] No such file or directory: '/home/carlos/Documents/INVESTIGACIÓN/JERARQUICO/MODEL/centralized_6silos_metrics/centralized_7silos/data/silos/silo_1.csv'
